------------------------------------------------------------
Timing Analyzer Summary
------------------------------------------------------------

Type  : Slow 1200mV 85C Model Setup 'clock'
Slack : -16.035
TNS   : -16.035

Type  : Slow 1200mV 85C Model Setup 'pulse_in'
Slack : -2.713
TNS   : -853.328

Type  : Slow 1200mV 85C Model Hold 'clock'
Slack : 0.322
TNS   : 0.000

Type  : Slow 1200mV 85C Model Hold 'pulse_in'
Slack : 0.354
TNS   : 0.000

Type  : Slow 1200mV 85C Model Minimum Pulse Width 'pulse_in'
Slack : -3.000
TNS   : -698.888

Type  : Slow 1200mV 85C Model Minimum Pulse Width 'clock'
Slack : -3.000
TNS   : -5.806

Type  : Slow 1200mV 0C Model Setup 'clock'
Slack : -14.461
TNS   : -14.461

Type  : Slow 1200mV 0C Model Setup 'pulse_in'
Slack : -2.317
TNS   : -715.780

Type  : Slow 1200mV 0C Model Hold 'clock'
Slack : 0.289
TNS   : 0.000

Type  : Slow 1200mV 0C Model Hold 'pulse_in'
Slack : 0.320
TNS   : 0.000

Type  : Slow 1200mV 0C Model Minimum Pulse Width 'pulse_in'
Slack : -3.000
TNS   : -698.888

Type  : Slow 1200mV 0C Model Minimum Pulse Width 'clock'
Slack : -3.000
TNS   : -5.806

Type  : Fast 1200mV 0C Model Setup 'clock'
Slack : -6.929
TNS   : -6.929

Type  : Fast 1200mV 0C Model Setup 'pulse_in'
Slack : -0.490
TNS   : -79.285

Type  : Fast 1200mV 0C Model Hold 'clock'
Slack : 0.140
TNS   : 0.000

Type  : Fast 1200mV 0C Model Hold 'pulse_in'
Slack : 0.151
TNS   : 0.000

Type  : Fast 1200mV 0C Model Minimum Pulse Width 'pulse_in'
Slack : -3.000
TNS   : -546.592

Type  : Fast 1200mV 0C Model Minimum Pulse Width 'clock'
Slack : -3.000
TNS   : -5.361

------------------------------------------------------------
