------------------------------------------------------------
Timing Analyzer Summary
------------------------------------------------------------

Type  : Slow 1200mV 85C Model Setup 'clock'
Slack : -14.993
TNS   : -14.993

Type  : Slow 1200mV 85C Model Setup 'pulse_in'
Slack : -2.666
TNS   : -850.508

Type  : Slow 1200mV 85C Model Hold 'clock'
Slack : 0.322
TNS   : 0.000

Type  : Slow 1200mV 85C Model Hold 'pulse_in'
Slack : 0.355
TNS   : 0.000

Type  : Slow 1200mV 85C Model Minimum Pulse Width 'pulse_in'
Slack : -3.000
TNS   : -698.888

Type  : Slow 1200mV 85C Model Minimum Pulse Width 'clock'
Slack : -3.000
TNS   : -5.806

Type  : Slow 1200mV 0C Model Setup 'clock'
Slack : -13.684
TNS   : -13.684

Type  : Slow 1200mV 0C Model Setup 'pulse_in'
Slack : -2.273
TNS   : -713.575

Type  : Slow 1200mV 0C Model Hold 'clock'
Slack : 0.289
TNS   : 0.000

Type  : Slow 1200mV 0C Model Hold 'pulse_in'
Slack : 0.321
TNS   : 0.000

Type  : Slow 1200mV 0C Model Minimum Pulse Width 'pulse_in'
Slack : -3.000
TNS   : -698.888

Type  : Slow 1200mV 0C Model Minimum Pulse Width 'clock'
Slack : -3.000
TNS   : -5.806

Type  : Fast 1200mV 0C Model Setup 'clock'
Slack : -6.482
TNS   : -6.482

Type  : Fast 1200mV 0C Model Setup 'pulse_in'
Slack : -0.467
TNS   : -78.902

Type  : Fast 1200mV 0C Model Hold 'clock'
Slack : 0.140
TNS   : 0.000

Type  : Fast 1200mV 0C Model Hold 'pulse_in'
Slack : 0.151
TNS   : 0.000

Type  : Fast 1200mV 0C Model Minimum Pulse Width 'pulse_in'
Slack : -3.000
TNS   : -587.241

Type  : Fast 1200mV 0C Model Minimum Pulse Width 'clock'
Slack : -3.000
TNS   : -5.365

------------------------------------------------------------
