------------------------------------------------------------
Timing Analyzer Summary
------------------------------------------------------------

Type  : Slow 1200mV 85C Model Setup 'max10_clk1_50'
Slack : -2.942
TNS   : -83.019

Type  : Slow 1200mV 85C Model Hold 'max10_clk1_50'
Slack : 0.324
TNS   : 0.000

Type  : Slow 1200mV 85C Model Minimum Pulse Width 'max10_clk1_50'
Slack : -3.000
TNS   : -46.493

Type  : Slow 1200mV 0C Model Setup 'max10_clk1_50'
Slack : -2.671
TNS   : -74.903

Type  : Slow 1200mV 0C Model Hold 'max10_clk1_50'
Slack : 0.292
TNS   : 0.000

Type  : Slow 1200mV 0C Model Minimum Pulse Width 'max10_clk1_50'
Slack : -3.000
TNS   : -46.493

Type  : Fast 1200mV 0C Model Setup 'max10_clk1_50'
Slack : -0.697
TNS   : -17.663

Type  : Fast 1200mV 0C Model Hold 'max10_clk1_50'
Slack : 0.142
TNS   : 0.000

Type  : Fast 1200mV 0C Model Minimum Pulse Width 'max10_clk1_50'
Slack : -3.000
TNS   : -39.371

------------------------------------------------------------
