------------------------------------------------------------
Timing Analyzer Summary
------------------------------------------------------------

Type  : Slow 1200mV 85C Model Setup 'clock'
Slack : -14.063
TNS   : -27.817

Type  : Slow 1200mV 85C Model Setup 'pulse'
Slack : -2.729
TNS   : -851.708

Type  : Slow 1200mV 85C Model Hold 'pulse'
Slack : -3.874
TNS   : -1486.968

Type  : Slow 1200mV 85C Model Hold 'clock'
Slack : 0.325
TNS   : 0.000

Type  : Slow 1200mV 85C Model Recovery 'pulse'
Slack : -0.441
TNS   : -21.686

Type  : Slow 1200mV 85C Model Removal 'pulse'
Slack : -1.271
TNS   : -248.381

Type  : Slow 1200mV 85C Model Minimum Pulse Width 'pulse'
Slack : -1.403
TNS   : -695.888

Type  : Slow 1200mV 85C Model Minimum Pulse Width 'clock'
Slack : 0.396
TNS   : 0.000

Type  : Slow 1200mV 0C Model Setup 'clock'
Slack : -12.700
TNS   : -25.119

Type  : Slow 1200mV 0C Model Setup 'pulse'
Slack : -2.333
TNS   : -714.820

Type  : Slow 1200mV 0C Model Hold 'pulse'
Slack : -3.449
TNS   : -1324.071

Type  : Slow 1200mV 0C Model Hold 'clock'
Slack : 0.290
TNS   : 0.000

Type  : Slow 1200mV 0C Model Recovery 'pulse'
Slack : -0.456
TNS   : -28.070

Type  : Slow 1200mV 0C Model Removal 'pulse'
Slack : -1.103
TNS   : -210.179

Type  : Slow 1200mV 0C Model Minimum Pulse Width 'pulse'
Slack : -1.403
TNS   : -695.888

Type  : Slow 1200mV 0C Model Minimum Pulse Width 'clock'
Slack : 0.377
TNS   : 0.000

Type  : Fast 1200mV 0C Model Setup 'clock'
Slack : -5.692
TNS   : -11.286

Type  : Fast 1200mV 0C Model Setup 'pulse'
Slack : -0.499
TNS   : -79.570

Type  : Fast 1200mV 0C Model Hold 'pulse'
Slack : -1.431
TNS   : -500.167

Type  : Fast 1200mV 0C Model Hold 'clock'
Slack : 0.142
TNS   : 0.000

Type  : Fast 1200mV 0C Model Recovery 'pulse'
Slack : -0.372
TNS   : -53.991

Type  : Fast 1200mV 0C Model Removal 'pulse'
Slack : -0.082
TNS   : -6.308

Type  : Fast 1200mV 0C Model Minimum Pulse Width 'pulse'
Slack : -1.000
TNS   : -496.000

Type  : Fast 1200mV 0C Model Minimum Pulse Width 'clock'
Slack : 0.500
TNS   : 0.000

------------------------------------------------------------
